// Jest Snapshot v1, https://goo.gl/fbAQLP

exports[`<Main /> should render the heading 1`] = `
.c0 {
  color: #FAFAFA;
  height: 50vh;
  width: 80vh;
  margin: 25vh auto;
  padding: 3.2rem;
  display: -webkit-box;
  display: -webkit-flex;
  display: -ms-flexbox;
  display: flex;
  -webkit-flex-direction: column;
  -ms-flex-direction: column;
  flex-direction: column;
  -webkit-align-items: center;
  -webkit-box-align: center;
  -ms-flex-align: center;
  align-items: center;
  -webkit-box-pack: center;
  -webkit-justify-content: center;
  -ms-flex-pack: center;
  justify-content: center;
}

.c1 {
  width: 5.6rem;
  margin: 0.8rem 0;
}

.c2 {
  font-size: 2.8rem;
}

.c3 {
  font-size: 2.0rem;
  font-weight: 400;
}

.c4 {
  margin-top: 3.2rem;
  width: min(30rem,100%);
}

<main
  class="c0"
>
  <img
    alt="Image of an atom."
    class="c1"
    src="/img/logo.svg"
  />
  <h1
    class="c2"
  >
    Template
  </h1>
  <h2
    class="c3"
  >
    Lorem ipsum dolor sit amet consectetur adipisicing elit.
  </h2>
  <img
    alt="A developer coding in a desktop."
    class="c4"
    src="/img/hero-illustration.svg"
  />
</main>
`
